
 /----------------------------------------------------------------------------\
 |                                                                            |
 |  yosys -- Yosys Open SYnthesis Suite                                       |
 |                                                                            |
 |  Copyright (C) 2012 - 2020  Claire Xenia Wolf <claire@yosyshq.com>         |
 |                                                                            |
 |  Permission to use, copy, modify, and/or distribute this software for any  |
 |  purpose with or without fee is hereby granted, provided that the above    |
 |  copyright notice and this permission notice appear in all copies.         |
 |                                                                            |
 |  THE SOFTWARE IS PROVIDED "AS IS" AND THE AUTHOR DISCLAIMS ALL WARRANTIES  |
 |  WITH REGARD TO THIS SOFTWARE INCLUDING ALL IMPLIED WARRANTIES OF          |
 |  MERCHANTABILITY AND FITNESS. IN NO EVENT SHALL THE AUTHOR BE LIABLE FOR   |
 |  ANY SPECIAL, DIRECT, INDIRECT, OR CONSEQUENTIAL DAMAGES OR ANY DAMAGES    |
 |  WHATSOEVER RESULTING FROM LOSS OF USE, DATA OR PROFITS, WHETHER IN AN     |
 |  ACTION OF CONTRACT, NEGLIGENCE OR OTHER TORTIOUS ACTION, ARISING OUT OF   |
 |  OR IN CONNECTION WITH THE USE OR PERFORMANCE OF THIS SOFTWARE.            |
 |                                                                            |
 \----------------------------------------------------------------------------/

 Yosys 0.33 (git sha1 2584903a060)


-- Executing script file `synthesis/synthesis/area_cell_report.ys' --

1. Executing Verilog-2005 frontend: synthesis/synthesis/synth.v
Parsing Verilog input from `synthesis/synthesis/synth.v' to AST representation.
Generating RTLIL representation for module `\top'.
Successfully finished Verilog frontend.

2. Executing HIERARCHY pass (managing design hierarchy).

2.1. Analyzing design hierarchy..
Top module:  \top

2.2. Analyzing design hierarchy..
Top module:  \top
Removed 0 unused modules.

3. Printing statistics.

=== top ===

   Number of wires:               8772
   Number of wire bits:          17822
   Number of public wires:        1264
   Number of public wire bits:    8743
   Number of memories:               2
   Number of memory bits:        16384
   Number of processes:           1027
   Number of cells:               6454
     $and                         2725
     $meminit_v2                    21
     $memrd                          2
     $mux                          498
     $not                          211
     $or                          2712
     $xor                          285

4. Printing statistics.

=== top ===

   Number of wires:               8772
   Number of wire bits:          17822
   Number of public wires:        1264
   Number of public wire bits:    8743
   Number of memories:               2
   Number of memory bits:        16384
   Number of processes:           1027
   Number of cells:               6454
     $and_1                       2725
     $meminit_v2                    21
     $memrd                          2
     $mux_1                        498
     $not_1                        211
     $or_1                        2712
     $xor_1                        285

5. Executing HIERARCHY pass (managing design hierarchy).

5.1. Analyzing design hierarchy..
Top module:  \top

5.2. Analyzing design hierarchy..
Top module:  \top
Removed 0 unused modules.

6. Executing CHECK pass (checking for obvious problems).
Checking module top...
Found and reported 0 problems.

End of script. Logfile hash: ca27167c67, CPU: user 2.99s system 0.23s, MEM: 118.23 MB peak
Yosys 0.33 (git sha1 2584903a060)
Time spent: 86% 2x read_verilog (2 sec), 9% 1x check (0 sec), ...
