OpenROAD 26Q3-1193-gec94b92b31 
Features included (+) or not (-): +GPU +GUI +Python
This program is licensed under the BSD-3 license. See the LICENSE file for details.
Components of this program may be licensed under more restrictive licenses which must be honored.
[INFO ODB-0227] LEF file: /home/piyush/OpenROAD/test/Nangate45/Nangate45_tech.lef, created 22 layers, 27 vias
[WARNING ODB-0217] duplicate VIARULE (Via1Array-0) ignoring...
[WARNING ODB-0217] duplicate VIARULE (Via1Array-1) ignoring...
[WARNING ODB-0217] duplicate VIARULE (Via1Array-2) ignoring...
[WARNING ODB-0217] duplicate VIARULE (Via1Array-3) ignoring...
[WARNING ODB-0217] duplicate VIARULE (Via1Array-4) ignoring...
[WARNING ODB-0217] duplicate VIARULE (Via2Array-0) ignoring...
[WARNING ODB-0217] duplicate VIARULE (Via2Array-1) ignoring...
[WARNING ODB-0217] duplicate VIARULE (Via2Array-2) ignoring...
[WARNING ODB-0217] duplicate VIARULE (Via2Array-3) ignoring...
[WARNING ODB-0217] duplicate VIARULE (Via2Array-4) ignoring...
[WARNING ODB-0217] duplicate VIARULE (Via3Array-0) ignoring...
[WARNING ODB-0217] duplicate VIARULE (Via3Array-1) ignoring...
[WARNING ODB-0217] duplicate VIARULE (Via3Array-2) ignoring...
[WARNING ODB-0217] duplicate VIARULE (Via4Array-0) ignoring...
[WARNING ODB-0217] duplicate VIARULE (Via5Array-0) ignoring...
[WARNING ODB-0217] duplicate VIARULE (Via6Array-0) ignoring...
[WARNING ODB-0217] duplicate VIARULE (Via7Array-0) ignoring...
[WARNING ODB-0217] duplicate VIARULE (Via8Array-0) ignoring...
[WARNING ODB-0217] duplicate VIARULE (Via9Array-0) ignoring...
[INFO ODB-0394] Duplicate site FreePDK45_38x28_10R_NP_162NW_34O in Nangate45 already seen in Nangate45_tech
[INFO ODB-0227] LEF file: /home/piyush/OpenROAD/test/Nangate45/Nangate45.lef, created 135 library cells
[INFO ODB-0127] Reading DEF file: physical/rv32i_placed.def
[INFO ODB-0128] Design: top
[INFO ODB-0130]     Created 66 pins.
[INFO ODB-0131]     Created 31393 components and 186213 component-terminals.
[INFO ODB-0133]     Created 40616 nets and 123427 connections.
[INFO ODB-0134] Finished DEF file: physical/rv32i_placed.def
[INFO CTS-0050] Root buffer is CLKBUF_X3.
[INFO CTS-0051] Sink buffer is CLKBUF_X3.
[INFO CTS-0052] The following clock buffers will be used for CTS:
                    CLKBUF_X3
[INFO CTS-0049] Characterization buffer is CLKBUF_X3.
[INFO CTS-0007] Net "clk" found for clock "clk".
[INFO CTS-0010]  Clock net "clk" has 39 sinks.
[INFO CTS-0010]  Clock net "cpu/net635" has 989 sinks.
[INFO CTS-0010]  Clock net "cpu/dmem/net634" has 768 sinks.
[INFO CTS-0010]  Clock net "cpu/dmem/net633" has 570 sinks.
[INFO CTS-0010]  Clock net "cpu/dmem/net632" has 712 sinks.
[INFO CTS-0010]  Clock net "cpu/dmem/net631" has 1024 sinks.
[INFO CTS-0010]  Clock net "cpu/dmem/net630" has 849 sinks.
[INFO CTS-0010]  Clock net "cpu/dmem/net629" has 981 sinks.
[INFO CTS-0010]  Clock net "cpu/dmem/net628" has 834 sinks.
[INFO CTS-0010]  Clock net "cpu/dmem/net627" has 492 sinks.
[INFO CTS-0010]  Clock net "cpu/dmem/net626" has 724 sinks.
[INFO CTS-0010]  Clock net "cpu/dmem/net625" has 568 sinks.
[INFO CTS-0010]  Clock net "cpu/dmem/net624" has 678 sinks.
[INFO CTS-0008] TritonCTS found 13 clock nets.
[INFO CTS-0097] Characterization used 1 buffer(s) types.
[INFO CTS-0201] 0 blockages from hard placement blockages and placed macros will be used.
[INFO CTS-0027] Generating H-Tree topology for net clk.
[INFO CTS-0028]  Total number of sinks: 39.
[INFO CTS-0030]  Number of static layers: 0.
[INFO CTS-0020]  Wire segment unit: 14000  dbu (7 um).
[INFO CTS-0023]  Original sink region: [(405195, 564620), (478915, 740425)].
[INFO CTS-0024]  Normalized sink region: [(28.9425, 40.33), (34.2082, 52.8875)].
[INFO CTS-0025]     Width:  5.2657.
[INFO CTS-0026]     Height: 12.5575.
 Level 1
    Direction: Vertical
    Sinks per sub-region: 20
    Sub-region size: 5.2657 X 6.2787
[INFO CTS-0034]     Segment length (rounded): 4.
 Level 2
    Direction: Horizontal
    Sinks per sub-region: 10
    Sub-region size: 2.6329 X 6.2787
[INFO CTS-0034]     Segment length (rounded): 1.
[INFO CTS-0038]  Stop criterion found. Sink region hpwl is smaller than max wirelength (832.619 um) and max number of sinks is 15.
[INFO CTS-0035]  Number of sinks covered: 39.
[INFO CTS-0201] 0 blockages from hard placement blockages and placed macros will be used.
[INFO CTS-0027] Generating H-Tree topology for net cpu\/net635.
[INFO CTS-0028]  Total number of sinks: 989.
[INFO CTS-0030]  Number of static layers: 0.
[INFO CTS-0020]  Wire segment unit: 14000  dbu (7 um).
[INFO CTS-0023]  Original sink region: [(453455, 503020), (736935, 743820)].
[INFO CTS-0024]  Normalized sink region: [(32.3896, 35.93), (52.6382, 53.13)].
[INFO CTS-0025]     Width:  20.2486.
[INFO CTS-0026]     Height: 17.2000.
 Level 1
    Direction: Horizontal
    Sinks per sub-region: 495
    Sub-region size: 10.1243 X 17.2000
[INFO CTS-0034]     Segment length (rounded): 6.
 Level 2
    Direction: Vertical
    Sinks per sub-region: 248
    Sub-region size: 10.1243 X 8.6000
[INFO CTS-0034]     Segment length (rounded): 4.
 Level 3
    Direction: Horizontal
    Sinks per sub-region: 124
    Sub-region size: 5.0621 X 8.6000
[INFO CTS-0034]     Segment length (rounded): 2.
 Level 4
    Direction: Vertical
    Sinks per sub-region: 62
    Sub-region size: 5.0621 X 4.3000
[INFO CTS-0034]     Segment length (rounded): 2.
 Level 5
    Direction: Horizontal
    Sinks per sub-region: 31
    Sub-region size: 2.5311 X 4.3000
[INFO CTS-0034]     Segment length (rounded): 1.
 Level 6
    Direction: Vertical
    Sinks per sub-region: 16
    Sub-region size: 2.5311 X 2.1500
[INFO CTS-0034]     Segment length (rounded): 1.
 Level 7
    Direction: Horizontal
    Sinks per sub-region: 8
    Sub-region size: 1.2655 X 2.1500
[INFO CTS-0034]     Segment length (rounded): 1.
[INFO CTS-0038]  Stop criterion found. Sink region hpwl is smaller than max wirelength (832.619 um) and max number of sinks is 15.
[INFO CTS-0035]  Number of sinks covered: 989.
[INFO CTS-0201] 0 blockages from hard placement blockages and placed macros will be used.
[INFO CTS-0027] Generating H-Tree topology for net cpu\/dmem\/net634.
[INFO CTS-0028]  Total number of sinks: 768.
[INFO CTS-0030]  Number of static layers: 0.
[INFO CTS-0020]  Wire segment unit: 14000  dbu (7 um).
[INFO CTS-0023]  Original sink region: [(430730, 351570), (742330, 513970)].
[INFO CTS-0024]  Normalized sink region: [(30.7664, 25.1121), (53.0236, 36.7121)].
[INFO CTS-0025]     Width:  22.2571.
[INFO CTS-0026]     Height: 11.6000.
 Level 1
    Direction: Horizontal
    Sinks per sub-region: 384
    Sub-region size: 11.1286 X 11.6000
[INFO CTS-0034]     Segment length (rounded): 6.
 Level 2
    Direction: Vertical
    Sinks per sub-region: 192
    Sub-region size: 11.1286 X 5.8000
[INFO CTS-0034]     Segment length (rounded): 2.
 Level 3
    Direction: Horizontal
    Sinks per sub-region: 96
    Sub-region size: 5.5643 X 5.8000
[INFO CTS-0034]     Segment length (rounded): 2.
 Level 4
    Direction: Vertical
    Sinks per sub-region: 48
    Sub-region size: 5.5643 X 2.9000
[INFO CTS-0034]     Segment length (rounded): 1.
 Level 5
    Direction: Horizontal
    Sinks per sub-region: 24
    Sub-region size: 2.7821 X 2.9000
[INFO CTS-0034]     Segment length (rounded): 1.
 Level 6
    Direction: Vertical
    Sinks per sub-region: 12
    Sub-region size: 2.7821 X 1.4500
[INFO CTS-0034]     Segment length (rounded): 1.
[INFO CTS-0038]  Stop criterion found. Sink region hpwl is smaller than max wirelength (832.619 um) and max number of sinks is 15.
[INFO CTS-0035]  Number of sinks covered: 768.
[INFO CTS-0201] 0 blockages from hard placement blockages and placed macros will be used.
[INFO CTS-0027] Generating H-Tree topology for net cpu\/dmem\/net633.
[INFO CTS-0028]  Total number of sinks: 570.
[INFO CTS-0030]  Number of static layers: 0.
[INFO CTS-0020]  Wire segment unit: 14000  dbu (7 um).
[INFO CTS-0023]  Original sink region: [(431490, 222770), (719910, 404430)].
[INFO CTS-0024]  Normalized sink region: [(30.8207, 15.9121), (51.4221, 28.8879)].
[INFO CTS-0025]     Width:  20.6014.
[INFO CTS-0026]     Height: 12.9757.
 Level 1
    Direction: Horizontal
    Sinks per sub-region: 285
    Sub-region size: 10.3007 X 12.9757
[INFO CTS-0034]     Segment length (rounded): 6.
 Level 2
    Direction: Vertical
    Sinks per sub-region: 143
    Sub-region size: 10.3007 X 6.4879
[INFO CTS-0034]     Segment length (rounded): 4.
 Level 3
    Direction: Horizontal
    Sinks per sub-region: 72
    Sub-region size: 5.1504 X 6.4879
[INFO CTS-0034]     Segment length (rounded): 2.
 Level 4
    Direction: Vertical
    Sinks per sub-region: 36
    Sub-region size: 5.1504 X 3.2439
[INFO CTS-0034]     Segment length (rounded): 1.
 Level 5
    Direction: Horizontal
    Sinks per sub-region: 18
    Sub-region size: 2.5752 X 3.2439
[INFO CTS-0034]     Segment length (rounded): 1.
 Level 6
    Direction: Vertical
    Sinks per sub-region: 9
    Sub-region size: 2.5752 X 1.6220
[INFO CTS-0034]     Segment length (rounded): 1.
[INFO CTS-0038]  Stop criterion found. Sink region hpwl is smaller than max wirelength (832.619 um) and max number of sinks is 15.
[INFO CTS-0035]  Number of sinks covered: 570.
[INFO CTS-0201] 0 blockages from hard placement blockages and placed macros will be used.
[INFO CTS-0027] Generating H-Tree topology for net cpu\/dmem\/net632.
[INFO CTS-0028]  Total number of sinks: 712.
[INFO CTS-0030]  Number of static layers: 0.
[INFO CTS-0020]  Wire segment unit: 14000  dbu (7 um).
[INFO CTS-0023]  Original sink region: [(581970, 26770), (742330, 334770)].
[INFO CTS-0024]  Normalized sink region: [(41.5693, 1.91214), (53.0236, 23.9121)].
[INFO CTS-0025]     Width:  11.4543.
[INFO CTS-0026]     Height: 22.0000.
 Level 1
    Direction: Vertical
    Sinks per sub-region: 356
    Sub-region size: 11.4543 X 11.0000
[INFO CTS-0034]     Segment length (rounded): 6.
 Level 2
    Direction: Horizontal
    Sinks per sub-region: 178
    Sub-region size: 5.7271 X 11.0000
[INFO CTS-0034]     Segment length (rounded): 2.
 Level 3
    Direction: Vertical
    Sinks per sub-region: 89
    Sub-region size: 5.7271 X 5.5000
[INFO CTS-0034]     Segment length (rounded): 2.
 Level 4
    Direction: Horizontal
    Sinks per sub-region: 45
    Sub-region size: 2.8636 X 5.5000
[INFO CTS-0034]     Segment length (rounded): 1.
 Level 5
    Direction: Vertical
    Sinks per sub-region: 23
    Sub-region size: 2.8636 X 2.7500
[INFO CTS-0034]     Segment length (rounded): 1.
 Level 6
    Direction: Horizontal
    Sinks per sub-region: 12
    Sub-region size: 1.4318 X 2.7500
[INFO CTS-0034]     Segment length (rounded): 1.
[INFO CTS-0038]  Stop criterion found. Sink region hpwl is smaller than max wirelength (832.619 um) and max number of sinks is 15.
[INFO CTS-0035]  Number of sinks covered: 712.
[INFO CTS-0201] 0 blockages from hard placement blockages and placed macros will be used.
[INFO CTS-0027] Generating H-Tree topology for net cpu\/dmem\/net631.
[INFO CTS-0028]  Total number of sinks: 1024.
[INFO CTS-0030]  Number of static layers: 0.
[INFO CTS-0020]  Wire segment unit: 14000  dbu (7 um).
[INFO CTS-0023]  Original sink region: [(380570, 23630), (610090, 303630)].
[INFO CTS-0024]  Normalized sink region: [(27.1836, 1.68786), (43.5779, 21.6879)].
[INFO CTS-0025]     Width:  16.3943.
[INFO CTS-0026]     Height: 20.0000.
 Level 1
    Direction: Vertical
    Sinks per sub-region: 512
    Sub-region size: 16.3943 X 10.0000
[INFO CTS-0034]     Segment length (rounded): 6.
 Level 2
    Direction: Horizontal
    Sinks per sub-region: 256
    Sub-region size: 8.1971 X 10.0000
[INFO CTS-0034]     Segment length (rounded): 4.
 Level 3
    Direction: Vertical
    Sinks per sub-region: 128
    Sub-region size: 8.1971 X 5.0000
[INFO CTS-0034]     Segment length (rounded): 2.
 Level 4
    Direction: Horizontal
    Sinks per sub-region: 64
    Sub-region size: 4.0986 X 5.0000
[INFO CTS-0034]     Segment length (rounded): 2.
 Level 5
    Direction: Vertical
    Sinks per sub-region: 32
    Sub-region size: 4.0986 X 2.5000
[INFO CTS-0034]     Segment length (rounded): 1.
 Level 6
    Direction: Horizontal
    Sinks per sub-region: 16
    Sub-region size: 2.0493 X 2.5000
[INFO CTS-0034]     Segment length (rounded): 1.
 Level 7
    Direction: Vertical
    Sinks per sub-region: 8
    Sub-region size: 2.0493 X 1.2500
[INFO CTS-0034]     Segment length (rounded): 1.
[INFO CTS-0038]  Stop criterion found. Sink region hpwl is smaller than max wirelength (832.619 um) and max number of sinks is 15.
[INFO CTS-0035]  Number of sinks covered: 1024.
[INFO CTS-0201] 0 blockages from hard placement blockages and placed macros will be used.
[INFO CTS-0027] Generating H-Tree topology for net cpu\/dmem\/net630.
[INFO CTS-0028]  Total number of sinks: 849.
[INFO CTS-0030]  Number of static layers: 0.
[INFO CTS-0020]  Wire segment unit: 14000  dbu (7 um).
[INFO CTS-0023]  Original sink region: [(173850, 385170), (415530, 743570)].
[INFO CTS-0024]  Normalized sink region: [(12.4179, 27.5121), (29.6807, 53.1121)].
[INFO CTS-0025]     Width:  17.2629.
[INFO CTS-0026]     Height: 25.6000.
 Level 1
    Direction: Vertical
    Sinks per sub-region: 425
    Sub-region size: 17.2629 X 12.8000
[INFO CTS-0034]     Segment length (rounded): 6.
 Level 2
    Direction: Horizontal
    Sinks per sub-region: 213
    Sub-region size: 8.6314 X 12.8000
[INFO CTS-0034]     Segment length (rounded): 4.
 Level 3
    Direction: Vertical
    Sinks per sub-region: 107
    Sub-region size: 8.6314 X 6.4000
[INFO CTS-0034]     Segment length (rounded): 4.
 Level 4
    Direction: Horizontal
    Sinks per sub-region: 54
    Sub-region size: 4.3157 X 6.4000
[INFO CTS-0034]     Segment length (rounded): 2.
 Level 5
    Direction: Vertical
    Sinks per sub-region: 27
    Sub-region size: 4.3157 X 3.2000
[INFO CTS-0034]     Segment length (rounded): 1.
 Level 6
    Direction: Horizontal
    Sinks per sub-region: 14
    Sub-region size: 2.1579 X 3.2000
[INFO CTS-0034]     Segment length (rounded): 1.
[INFO CTS-0038]  Stop criterion found. Sink region hpwl is smaller than max wirelength (832.619 um) and max number of sinks is 15.
[INFO CTS-0035]  Number of sinks covered: 849.
[INFO CTS-0201] 0 blockages from hard placement blockages and placed macros will be used.
[INFO CTS-0027] Generating H-Tree topology for net cpu\/dmem\/net629.
[INFO CTS-0028]  Total number of sinks: 981.
[INFO CTS-0030]  Number of static layers: 0.
[INFO CTS-0020]  Wire segment unit: 14000  dbu (7 um).
[INFO CTS-0023]  Original sink region: [(172710, 267570), (423130, 510830)].
[INFO CTS-0024]  Normalized sink region: [(12.3364, 19.1121), (30.2236, 36.4879)].
[INFO CTS-0025]     Width:  17.8871.
[INFO CTS-0026]     Height: 17.3757.
 Level 1
    Direction: Horizontal
    Sinks per sub-region: 491
    Sub-region size: 8.9436 X 17.3757
[INFO CTS-0034]     Segment length (rounded): 4.
 Level 2
    Direction: Vertical
    Sinks per sub-region: 246
    Sub-region size: 8.9436 X 8.6879
[INFO CTS-0034]     Segment length (rounded): 4.
 Level 3
    Direction: Horizontal
    Sinks per sub-region: 123
    Sub-region size: 4.4718 X 8.6879
[INFO CTS-0034]     Segment length (rounded): 2.
 Level 4
    Direction: Vertical
    Sinks per sub-region: 62
    Sub-region size: 4.4718 X 4.3439
[INFO CTS-0034]     Segment length (rounded): 2.
 Level 5
    Direction: Horizontal
    Sinks per sub-region: 31
    Sub-region size: 2.2359 X 4.3439
[INFO CTS-0034]     Segment length (rounded): 1.
 Level 6
    Direction: Vertical
    Sinks per sub-region: 16
    Sub-region size: 2.2359 X 2.1720
[INFO CTS-0034]     Segment length (rounded): 1.
 Level 7
    Direction: Horizontal
    Sinks per sub-region: 8
    Sub-region size: 1.1179 X 2.1720
[INFO CTS-0034]     Segment length (rounded): 1.
[INFO CTS-0038]  Stop criterion found. Sink region hpwl is smaller than max wirelength (832.619 um) and max number of sinks is 15.
[INFO CTS-0035]  Number of sinks covered: 981.
[INFO CTS-0201] 0 blockages from hard placement blockages and placed macros will be used.
[INFO CTS-0027] Generating H-Tree topology for net cpu\/dmem\/net628.
[INFO CTS-0028]  Total number of sinks: 834.
[INFO CTS-0030]  Number of static layers: 0.
[INFO CTS-0020]  Wire segment unit: 14000  dbu (7 um).
[INFO CTS-0023]  Original sink region: [(170430, 23630), (376390, 303630)].
[INFO CTS-0024]  Normalized sink region: [(12.1736, 1.68786), (26.885, 21.6879)].
[INFO CTS-0025]     Width:  14.7114.
[INFO CTS-0026]     Height: 20.0000.
 Level 1
    Direction: Vertical
    Sinks per sub-region: 417
    Sub-region size: 14.7114 X 10.0000
[INFO CTS-0034]     Segment length (rounded): 6.
 Level 2
    Direction: Horizontal
    Sinks per sub-region: 209
    Sub-region size: 7.3557 X 10.0000
[INFO CTS-0034]     Segment length (rounded): 4.
 Level 3
    Direction: Vertical
    Sinks per sub-region: 105
    Sub-region size: 7.3557 X 5.0000
[INFO CTS-0034]     Segment length (rounded): 2.
 Level 4
    Direction: Horizontal
    Sinks per sub-region: 53
    Sub-region size: 3.6779 X 5.0000
[INFO CTS-0034]     Segment length (rounded): 2.
 Level 5
    Direction: Vertical
    Sinks per sub-region: 27
    Sub-region size: 3.6779 X 2.5000
[INFO CTS-0034]     Segment length (rounded): 1.
 Level 6
    Direction: Horizontal
    Sinks per sub-region: 14
    Sub-region size: 1.8389 X 2.5000
[INFO CTS-0034]     Segment length (rounded): 1.
[INFO CTS-0038]  Stop criterion found. Sink region hpwl is smaller than max wirelength (832.619 um) and max number of sinks is 15.
[INFO CTS-0035]  Number of sinks covered: 834.
[INFO CTS-0201] 0 blockages from hard placement blockages and placed macros will be used.
[INFO CTS-0027] Generating H-Tree topology for net cpu\/dmem\/net627.
[INFO CTS-0028]  Total number of sinks: 492.
[INFO CTS-0030]  Number of static layers: 0.
[INFO CTS-0020]  Wire segment unit: 14000  dbu (7 um).
[INFO CTS-0023]  Original sink region: [(24130, 177970), (262010, 385170)].
[INFO CTS-0024]  Normalized sink region: [(1.72357, 12.7121), (18.715, 27.5121)].
[INFO CTS-0025]     Width:  16.9914.
[INFO CTS-0026]     Height: 14.8000.
 Level 1
    Direction: Horizontal
    Sinks per sub-region: 246
    Sub-region size: 8.4957 X 14.8000
[INFO CTS-0034]     Segment length (rounded): 4.
 Level 2
    Direction: Vertical
    Sinks per sub-region: 123
    Sub-region size: 8.4957 X 7.4000
[INFO CTS-0034]     Segment length (rounded): 4.
 Level 3
    Direction: Horizontal
    Sinks per sub-region: 62
    Sub-region size: 4.2479 X 7.4000
[INFO CTS-0034]     Segment length (rounded): 2.
 Level 4
    Direction: Vertical
    Sinks per sub-region: 31
    Sub-region size: 4.2479 X 3.7000
[INFO CTS-0034]     Segment length (rounded): 2.
 Level 5
    Direction: Horizontal
    Sinks per sub-region: 16
    Sub-region size: 2.1239 X 3.7000
[INFO CTS-0034]     Segment length (rounded): 1.
 Level 6
    Direction: Vertical
    Sinks per sub-region: 8
    Sub-region size: 2.1239 X 1.8500
[INFO CTS-0034]     Segment length (rounded): 1.
[INFO CTS-0038]  Stop criterion found. Sink region hpwl is smaller than max wirelength (832.619 um) and max number of sinks is 15.
[INFO CTS-0035]  Number of sinks covered: 492.
[INFO CTS-0201] 0 blockages from hard placement blockages and placed macros will be used.
[INFO CTS-0027] Generating H-Tree topology for net cpu\/dmem\/net626.
[INFO CTS-0028]  Total number of sinks: 724.
[INFO CTS-0030]  Number of static layers: 0.
[INFO CTS-0020]  Wire segment unit: 14000  dbu (7 um).
[INFO CTS-0023]  Original sink region: [(24130, 29230), (189430, 289970)].
[INFO CTS-0024]  Normalized sink region: [(1.72357, 2.08786), (13.5307, 20.7121)].
[INFO CTS-0025]     Width:  11.8071.
[INFO CTS-0026]     Height: 18.6243.
 Level 1
    Direction: Vertical
    Sinks per sub-region: 362
    Sub-region size: 11.8071 X 9.3121
[INFO CTS-0034]     Segment length (rounded): 4.
 Level 2
    Direction: Horizontal
    Sinks per sub-region: 181
    Sub-region size: 5.9036 X 9.3121
[INFO CTS-0034]     Segment length (rounded): 2.
 Level 3
    Direction: Vertical
    Sinks per sub-region: 91
    Sub-region size: 5.9036 X 4.6561
[INFO CTS-0034]     Segment length (rounded): 2.
 Level 4
    Direction: Horizontal
    Sinks per sub-region: 46
    Sub-region size: 2.9518 X 4.6561
[INFO CTS-0034]     Segment length (rounded): 1.
 Level 5
    Direction: Vertical
    Sinks per sub-region: 23
    Sub-region size: 2.9518 X 2.3280
[INFO CTS-0034]     Segment length (rounded): 1.
 Level 6
    Direction: Horizontal
    Sinks per sub-region: 12
    Sub-region size: 1.4759 X 2.3280
[INFO CTS-0034]     Segment length (rounded): 1.
[INFO CTS-0038]  Stop criterion found. Sink region hpwl is smaller than max wirelength (832.619 um) and max number of sinks is 15.
[INFO CTS-0035]  Number of sinks covered: 724.
[INFO CTS-0201] 0 blockages from hard placement blockages and placed macros will be used.
[INFO CTS-0027] Generating H-Tree topology for net cpu\/dmem\/net625.
[INFO CTS-0028]  Total number of sinks: 568.
[INFO CTS-0030]  Number of static layers: 0.
[INFO CTS-0020]  Wire segment unit: 14000  dbu (7 um).
[INFO CTS-0023]  Original sink region: [(24130, 385170), (244150, 603570)].
[INFO CTS-0024]  Normalized sink region: [(1.72357, 27.5121), (17.4393, 43.1121)].
[INFO CTS-0025]     Width:  15.7157.
[INFO CTS-0026]     Height: 15.6000.
 Level 1
    Direction: Horizontal
    Sinks per sub-region: 284
    Sub-region size: 7.8579 X 15.6000
[INFO CTS-0034]     Segment length (rounded): 4.
 Level 2
    Direction: Vertical
    Sinks per sub-region: 142
    Sub-region size: 7.8579 X 7.8000
[INFO CTS-0034]     Segment length (rounded): 4.
 Level 3
    Direction: Horizontal
    Sinks per sub-region: 71
    Sub-region size: 3.9289 X 7.8000
[INFO CTS-0034]     Segment length (rounded): 2.
 Level 4
    Direction: Vertical
    Sinks per sub-region: 36
    Sub-region size: 3.9289 X 3.9000
[INFO CTS-0034]     Segment length (rounded): 2.
 Level 5
    Direction: Horizontal
    Sinks per sub-region: 18
    Sub-region size: 1.9645 X 3.9000
[INFO CTS-0034]     Segment length (rounded): 1.
 Level 6
    Direction: Vertical
    Sinks per sub-region: 9
    Sub-region size: 1.9645 X 1.9500
[INFO CTS-0034]     Segment length (rounded): 1.
[INFO CTS-0038]  Stop criterion found. Sink region hpwl is smaller than max wirelength (832.619 um) and max number of sinks is 15.
[INFO CTS-0035]  Number of sinks covered: 568.
[INFO CTS-0201] 0 blockages from hard placement blockages and placed macros will be used.
[INFO CTS-0027] Generating H-Tree topology for net cpu\/dmem\/net624.
[INFO CTS-0028]  Total number of sinks: 678.
[INFO CTS-0030]  Number of static layers: 0.
[INFO CTS-0020]  Wire segment unit: 14000  dbu (7 um).
[INFO CTS-0023]  Original sink region: [(24130, 561230), (284810, 743570)].
[INFO CTS-0024]  Normalized sink region: [(1.72357, 40.0879), (20.3436, 53.1121)].
[INFO CTS-0025]     Width:  18.6200.
[INFO CTS-0026]     Height: 13.0243.
 Level 1
    Direction: Horizontal
    Sinks per sub-region: 339
    Sub-region size: 9.3100 X 13.0243
[INFO CTS-0034]     Segment length (rounded): 4.
 Level 2
    Direction: Vertical
    Sinks per sub-region: 170
    Sub-region size: 9.3100 X 6.5121
[INFO CTS-0034]     Segment length (rounded): 4.
 Level 3
    Direction: Horizontal
    Sinks per sub-region: 85
    Sub-region size: 4.6550 X 6.5121
[INFO CTS-0034]     Segment length (rounded): 2.
 Level 4
    Direction: Vertical
    Sinks per sub-region: 43
    Sub-region size: 4.6550 X 3.2561
[INFO CTS-0034]     Segment length (rounded): 1.
 Level 5
    Direction: Horizontal
    Sinks per sub-region: 22
    Sub-region size: 2.3275 X 3.2561
[INFO CTS-0034]     Segment length (rounded): 1.
 Level 6
    Direction: Vertical
    Sinks per sub-region: 11
    Sub-region size: 2.3275 X 1.6280
[INFO CTS-0034]     Segment length (rounded): 1.
[INFO CTS-0038]  Stop criterion found. Sink region hpwl is smaller than max wirelength (832.619 um) and max number of sinks is 15.
[INFO CTS-0035]  Number of sinks covered: 678.
[INFO CTS-0018]     Created 5 clock buffers.
[INFO CTS-0012]     Minimum number of buffers in the clock path: 2.
[INFO CTS-0013]     Maximum number of buffers in the clock path: 2.
[INFO CTS-0015]     Created 5 clock nets.
[INFO CTS-0016]     Fanout distribution for the current clock = 8:1, 9:1, 10:1, 12:1..
[INFO CTS-0017]     Max level of the clock tree: 2.
[INFO CTS-0018]     Created 137 clock buffers.
[INFO CTS-0012]     Minimum number of buffers in the clock path: 3.
[INFO CTS-0013]     Maximum number of buffers in the clock path: 3.
[INFO CTS-0015]     Created 137 clock nets.
[INFO CTS-0016]     Fanout distribution for the current clock = 4:4, 5:10, 6:26, 7:29, 8:20, 9:18, 10:8, 11:2, 12:6, 13:2, 14:3..
[INFO CTS-0017]     Max level of the clock tree: 7.
[INFO CTS-0018]     Created 73 clock buffers.
[INFO CTS-0012]     Minimum number of buffers in the clock path: 3.
[INFO CTS-0013]     Maximum number of buffers in the clock path: 3.
[INFO CTS-0015]     Created 73 clock nets.
[INFO CTS-0016]     Fanout distribution for the current clock = 5:2, 7:3, 8:9, 9:3, 10:9, 11:7, 12:7, 13:6, 14:2, 15:6, 16:1, 17:2, 18:4, 21:1, 23:1, 25:1..
[INFO CTS-0017]     Max level of the clock tree: 6.
[INFO CTS-0018]     Created 73 clock buffers.
[INFO CTS-0012]     Minimum number of buffers in the clock path: 3.
[INFO CTS-0013]     Maximum number of buffers in the clock path: 3.
[INFO CTS-0015]     Created 73 clock nets.
[INFO CTS-0016]     Fanout distribution for the current clock = 4:1, 5:4, 6:8, 7:6, 8:17, 9:9, 10:5, 11:1, 12:6, 13:3, 14:1, 17:1, 18:2..
[INFO CTS-0017]     Max level of the clock tree: 6.
[INFO CTS-0018]     Created 73 clock buffers.
[INFO CTS-0012]     Minimum number of buffers in the clock path: 3.
[INFO CTS-0013]     Maximum number of buffers in the clock path: 3.
[INFO CTS-0015]     Created 73 clock nets.
[INFO CTS-0016]     Fanout distribution for the current clock = 5:2, 6:4, 7:5, 8:7, 9:8, 10:4, 11:6, 12:9, 13:5, 14:3, 15:1, 16:4, 18:4, 19:1, 24:1..
[INFO CTS-0017]     Max level of the clock tree: 6.
[INFO CTS-0018]     Created 137 clock buffers.
[INFO CTS-0012]     Minimum number of buffers in the clock path: 3.
[INFO CTS-0013]     Maximum number of buffers in the clock path: 3.
[INFO CTS-0015]     Created 137 clock nets.
[INFO CTS-0016]     Fanout distribution for the current clock = 4:3, 5:7, 6:22, 7:27, 8:21, 9:22, 10:12, 11:5, 12:5, 13:2, 14:1, 15:1..
[INFO CTS-0017]     Max level of the clock tree: 7.
[INFO CTS-0018]     Created 73 clock buffers.
[INFO CTS-0012]     Minimum number of buffers in the clock path: 3.
[INFO CTS-0013]     Maximum number of buffers in the clock path: 3.
[INFO CTS-0015]     Created 73 clock nets.
[INFO CTS-0016]     Fanout distribution for the current clock = 6:2, 7:1, 8:6, 9:5, 10:3, 11:8, 12:7, 13:6, 14:5, 15:4, 16:3, 17:1, 18:4, 19:3, 20:1, 21:2, 22:1, 23:1, 26:1..
[INFO CTS-0017]     Max level of the clock tree: 6.
[INFO CTS-0018]     Created 145 clock buffers.
[INFO CTS-0012]     Minimum number of buffers in the clock path: 3.
[INFO CTS-0013]     Maximum number of buffers in the clock path: 3.
[INFO CTS-0015]     Created 145 clock nets.
[INFO CTS-0016]     Fanout distribution for the current clock = 4:5, 5:10, 6:20, 7:32, 8:23, 9:17, 10:14, 12:4, 13:1, 14:1, 15:1..
[INFO CTS-0017]     Max level of the clock tree: 7.
[INFO CTS-0018]     Created 73 clock buffers.
[INFO CTS-0012]     Minimum number of buffers in the clock path: 3.
[INFO CTS-0013]     Maximum number of buffers in the clock path: 3.
[INFO CTS-0015]     Created 73 clock nets.
[INFO CTS-0016]     Fanout distribution for the current clock = 6:1, 7:3, 8:1, 9:4, 10:6, 11:5, 12:7, 13:4, 14:12, 15:8, 16:6, 17:3, 18:3, 23:1..
[INFO CTS-0017]     Max level of the clock tree: 6.
[INFO CTS-0018]     Created 81 clock buffers.
[INFO CTS-0012]     Minimum number of buffers in the clock path: 3.
[INFO CTS-0013]     Maximum number of buffers in the clock path: 3.
[INFO CTS-0015]     Created 81 clock nets.
[INFO CTS-0016]     Fanout distribution for the current clock = 3:2, 4:7, 5:4, 6:9, 7:10, 8:8, 9:8, 10:7, 11:2, 12:5, 13:2..
[INFO CTS-0017]     Max level of the clock tree: 6.
[INFO CTS-0018]     Created 81 clock buffers.
[INFO CTS-0012]     Minimum number of buffers in the clock path: 3.
[INFO CTS-0013]     Maximum number of buffers in the clock path: 3.
[INFO CTS-0015]     Created 81 clock nets.
[INFO CTS-0016]     Fanout distribution for the current clock = 7:3, 8:11, 9:11, 10:4, 11:6, 12:11, 13:6, 14:1, 15:2, 16:4, 17:2, 18:1, 19:1, 21:1..
[INFO CTS-0017]     Max level of the clock tree: 6.
[INFO CTS-0018]     Created 81 clock buffers.
[INFO CTS-0012]     Minimum number of buffers in the clock path: 3.
[INFO CTS-0013]     Maximum number of buffers in the clock path: 3.
[INFO CTS-0015]     Created 81 clock nets.
[INFO CTS-0016]     Fanout distribution for the current clock = 4:2, 5:7, 6:8, 7:6, 8:7, 9:6, 10:7, 11:9, 12:4, 13:6, 14:1, 16:1..
[INFO CTS-0017]     Max level of the clock tree: 6.
[INFO CTS-0018]     Created 81 clock buffers.
[INFO CTS-0012]     Minimum number of buffers in the clock path: 3.
[INFO CTS-0013]     Maximum number of buffers in the clock path: 3.
[INFO CTS-0015]     Created 81 clock nets.
[INFO CTS-0016]     Fanout distribution for the current clock = 4:3, 5:3, 6:3, 7:5, 8:7, 9:3, 10:11, 11:4, 12:4, 13:5, 14:7, 15:3, 16:3, 18:1, 19:1, 20:1..
[INFO CTS-0017]     Max level of the clock tree: 6.
[INFO CTS-0098] Clock net "clk"
[INFO CTS-0099]  Sinks 39
[INFO CTS-0100]  Leaf buffers 0
[INFO CTS-0101]  Average sink wire length 117.69 um
[INFO CTS-0102]  Path depth 2 - 2
[INFO CTS-0207]  Dummy loads inserted 3
[INFO CTS-0098] Clock net "cpu\/net635"
[INFO CTS-0099]  Sinks 1108
[INFO CTS-0100]  Leaf buffers 0
[INFO CTS-0101]  Average sink wire length 220.76 um
[INFO CTS-0102]  Path depth 3 - 3
[INFO CTS-0207]  Dummy loads inserted 119
[INFO CTS-0098] Clock net "cpu\/dmem\/net634"
[INFO CTS-0099]  Sinks 824
[INFO CTS-0100]  Leaf buffers 0
[INFO CTS-0101]  Average sink wire length 150.24 um
[INFO CTS-0102]  Path depth 3 - 3
[INFO CTS-0207]  Dummy loads inserted 56
[INFO CTS-0098] Clock net "cpu\/dmem\/net633"
[INFO CTS-0099]  Sinks 620
[INFO CTS-0100]  Leaf buffers 0
[INFO CTS-0101]  Average sink wire length 90.00 um
[INFO CTS-0102]  Path depth 3 - 3
[INFO CTS-0207]  Dummy loads inserted 50
[INFO CTS-0098] Clock net "cpu\/dmem\/net632"
[INFO CTS-0099]  Sinks 767
[INFO CTS-0100]  Leaf buffers 0
[INFO CTS-0101]  Average sink wire length 111.16 um
[INFO CTS-0102]  Path depth 3 - 3
[INFO CTS-0207]  Dummy loads inserted 55
[INFO CTS-0098] Clock net "cpu\/dmem\/net631"
[INFO CTS-0099]  Sinks 1141
[INFO CTS-0100]  Leaf buffers 0
[INFO CTS-0101]  Average sink wire length 170.40 um
[INFO CTS-0102]  Path depth 3 - 3
[INFO CTS-0207]  Dummy loads inserted 117
[INFO CTS-0098] Clock net "cpu\/dmem\/net630"
[INFO CTS-0099]  Sinks 902
[INFO CTS-0100]  Leaf buffers 0
[INFO CTS-0101]  Average sink wire length 241.86 um
[INFO CTS-0102]  Path depth 3 - 3
[INFO CTS-0207]  Dummy loads inserted 53
[INFO CTS-0098] Clock net "cpu\/dmem\/net629"
[INFO CTS-0099]  Sinks 1087
[INFO CTS-0100]  Leaf buffers 0
[INFO CTS-0101]  Average sink wire length 150.47 um
[INFO CTS-0102]  Path depth 3 - 3
[INFO CTS-0207]  Dummy loads inserted 106
[INFO CTS-0098] Clock net "cpu\/dmem\/net628"
[INFO CTS-0099]  Sinks 886
[INFO CTS-0100]  Leaf buffers 0
[INFO CTS-0101]  Average sink wire length 156.71 um
[INFO CTS-0102]  Path depth 3 - 3
[INFO CTS-0207]  Dummy loads inserted 52
[INFO CTS-0098] Clock net "cpu\/dmem\/net627"
[INFO CTS-0099]  Sinks 536
[INFO CTS-0100]  Leaf buffers 0
[INFO CTS-0101]  Average sink wire length 99.55 um
[INFO CTS-0102]  Path depth 3 - 3
[INFO CTS-0207]  Dummy loads inserted 44
[INFO CTS-0098] Clock net "cpu\/dmem\/net626"
[INFO CTS-0099]  Sinks 771
[INFO CTS-0100]  Leaf buffers 0
[INFO CTS-0101]  Average sink wire length 162.98 um
[INFO CTS-0102]  Path depth 3 - 3
[INFO CTS-0207]  Dummy loads inserted 47
[INFO CTS-0098] Clock net "cpu\/dmem\/net625"
[INFO CTS-0099]  Sinks 614
[INFO CTS-0100]  Leaf buffers 0
[INFO CTS-0101]  Average sink wire length 140.12 um
[INFO CTS-0102]  Path depth 3 - 3
[INFO CTS-0207]  Dummy loads inserted 46
[INFO CTS-0098] Clock net "cpu\/dmem\/net624"
[INFO CTS-0099]  Sinks 726
[INFO CTS-0100]  Leaf buffers 0
[INFO CTS-0101]  Average sink wire length 127.30 um
[INFO CTS-0102]  Path depth 3 - 3
[INFO CTS-0207]  Dummy loads inserted 48
[INFO CTS-0500] Runtime: 9.96s
[INFO DPL-0006] Core area: 131148.11 um^2
[INFO DPL-0007] Movable instances area: 82442.98 um^2
[INFO DPL-0008] Fixed instances area within core: 0.00 um^2
[INFO DPL-0009] Utilization: 62.9%
[INFO DPL-0005] Diamond search max displacement: +/- 500 sites horizontally, +/- 100 rows vertically.
[INFO DPL-1102] Legalizing using negotiation legalizer.
[INFO DPL-1103] Negotiation base search window: +/-20 sites horizontally, +/-5 rows vertically 
	Automatic search window extension enabled.
	Search window extendable up to the max displacement cap of +/-500 sites, +/-100 rows near walls.
[INFO DPL-1104] NegotiationLegalizer DRC penalty: 5.
[INFO DPL-0392] Negotiation cell height distribution (1 unique row-count(s)):
[INFO DPL-0393]   height 1 row(s): 33302 cells
          |      Total |  Illegal |  Illegal
Iteration | Violations |    Cells |    Sites
---------------------------------------------
        0 |        518 |       114 |       404
        1 |          0 |         0 |         0
Negotiation phase 1 converged at iteration 1.
[INFO DPL-0500] Runtime: 1.17s
Placement Analysis
---------------------------------
total displacement       4781.2 u
average displacement        0.1 u
max displacement            9.7 u
original HPWL          360077.5 u
legalized HPWL         361581.3 u
delta HPWL                    0 %

