OpenROAD 26Q3-1193-gec94b92b31 
Features included (+) or not (-): +GPU +GUI +Python
This program is licensed under the BSD-3 license. See the LICENSE file for details.
Components of this program may be licensed under more restrictive licenses which must be honored.
[INFO ODB-0227] LEF file: /home/piyush/OpenROAD/test/Nangate45/Nangate45_tech.lef, created 22 layers, 27 vias
[WARNING ODB-0217] duplicate VIARULE (Via1Array-0) ignoring...
[WARNING ODB-0217] duplicate VIARULE (Via1Array-1) ignoring...
[WARNING ODB-0217] duplicate VIARULE (Via1Array-2) ignoring...
[WARNING ODB-0217] duplicate VIARULE (Via1Array-3) ignoring...
[WARNING ODB-0217] duplicate VIARULE (Via1Array-4) ignoring...
[WARNING ODB-0217] duplicate VIARULE (Via2Array-0) ignoring...
[WARNING ODB-0217] duplicate VIARULE (Via2Array-1) ignoring...
[WARNING ODB-0217] duplicate VIARULE (Via2Array-2) ignoring...
[WARNING ODB-0217] duplicate VIARULE (Via2Array-3) ignoring...
[WARNING ODB-0217] duplicate VIARULE (Via2Array-4) ignoring...
[WARNING ODB-0217] duplicate VIARULE (Via3Array-0) ignoring...
[WARNING ODB-0217] duplicate VIARULE (Via3Array-1) ignoring...
[WARNING ODB-0217] duplicate VIARULE (Via3Array-2) ignoring...
[WARNING ODB-0217] duplicate VIARULE (Via4Array-0) ignoring...
[WARNING ODB-0217] duplicate VIARULE (Via5Array-0) ignoring...
[WARNING ODB-0217] duplicate VIARULE (Via6Array-0) ignoring...
[WARNING ODB-0217] duplicate VIARULE (Via7Array-0) ignoring...
[WARNING ODB-0217] duplicate VIARULE (Via8Array-0) ignoring...
[WARNING ODB-0217] duplicate VIARULE (Via9Array-0) ignoring...
[INFO ODB-0394] Duplicate site FreePDK45_38x28_10R_NP_162NW_34O in Nangate45 already seen in Nangate45_tech
[INFO ODB-0227] LEF file: /home/piyush/OpenROAD/test/Nangate45/Nangate45.lef, created 135 library cells
[INFO ODB-0127] Reading DEF file: physical/rv32i_cts_opt.def
[INFO ODB-0128] Design: top
[INFO ODB-0130]     Created 66 pins.
[INFO ODB-0131]     Created 33309 components and 193877 component-terminals.
[INFO ODB-0133]     Created 41736 nets and 126463 connections.
[INFO ODB-0134] Finished DEF file: physical/rv32i_cts_opt.def
===== LEGALIZING POST-CTS OPT DESIGN =====
[INFO DPL-0006] Core area: 131148.11 um^2
[INFO DPL-0007] Movable instances area: 82458.40 um^2
[INFO DPL-0008] Fixed instances area within core: 0.00 um^2
[INFO DPL-0009] Utilization: 62.9%
[INFO DPL-0005] Diamond search max displacement: +/- 500 sites horizontally, +/- 100 rows vertically.
[INFO DPL-1102] Legalizing using negotiation legalizer.
[INFO DPL-1103] Negotiation base search window: +/-20 sites horizontally, +/-5 rows vertically 
	Automatic search window extension enabled.
	Search window extendable up to the max displacement cap of +/-500 sites, +/-100 rows near walls.
[INFO DPL-1104] NegotiationLegalizer DRC penalty: 5.
[INFO DPL-0392] Negotiation cell height distribution (1 unique row-count(s)):
[INFO DPL-0393]   height 1 row(s): 33309 cells
          |      Total |  Illegal |  Illegal
Iteration | Violations |    Cells |    Sites
---------------------------------------------
        0 |          0 |         0 |         0
Negotiation phase 1 converged at iteration 0.
[INFO DPL-0500] Runtime: 1.11s
Placement Analysis
---------------------------------
total displacement         16.7 u
average displacement        0.0 u
max displacement            3.8 u
original HPWL          362190.4 u
legalized HPWL         362206.0 u
delta HPWL                    0 %

===== CHECKING LEGALITY =====
