OpenROAD 26Q3-1193-gec94b92b31 
Features included (+) or not (-): +GPU +GUI +Python
This program is licensed under the BSD-3 license. See the LICENSE file for details.
Components of this program may be licensed under more restrictive licenses which must be honored.
[INFO ODB-0227] LEF file: /home/piyush/OpenROAD/test/Nangate45/Nangate45_tech.lef, created 22 layers, 27 vias
[WARNING ODB-0217] duplicate VIARULE (Via1Array-0) ignoring...
[WARNING ODB-0217] duplicate VIARULE (Via1Array-1) ignoring...
[WARNING ODB-0217] duplicate VIARULE (Via1Array-2) ignoring...
[WARNING ODB-0217] duplicate VIARULE (Via1Array-3) ignoring...
[WARNING ODB-0217] duplicate VIARULE (Via1Array-4) ignoring...
[WARNING ODB-0217] duplicate VIARULE (Via2Array-0) ignoring...
[WARNING ODB-0217] duplicate VIARULE (Via2Array-1) ignoring...
[WARNING ODB-0217] duplicate VIARULE (Via2Array-2) ignoring...
[WARNING ODB-0217] duplicate VIARULE (Via2Array-3) ignoring...
[WARNING ODB-0217] duplicate VIARULE (Via2Array-4) ignoring...
[WARNING ODB-0217] duplicate VIARULE (Via3Array-0) ignoring...
[WARNING ODB-0217] duplicate VIARULE (Via3Array-1) ignoring...
[WARNING ODB-0217] duplicate VIARULE (Via3Array-2) ignoring...
[WARNING ODB-0217] duplicate VIARULE (Via4Array-0) ignoring...
[WARNING ODB-0217] duplicate VIARULE (Via5Array-0) ignoring...
[WARNING ODB-0217] duplicate VIARULE (Via6Array-0) ignoring...
[WARNING ODB-0217] duplicate VIARULE (Via7Array-0) ignoring...
[WARNING ODB-0217] duplicate VIARULE (Via8Array-0) ignoring...
[WARNING ODB-0217] duplicate VIARULE (Via9Array-0) ignoring...
[INFO ODB-0394] Duplicate site FreePDK45_38x28_10R_NP_162NW_34O in Nangate45 already seen in Nangate45_tech
[INFO ODB-0227] LEF file: /home/piyush/OpenROAD/test/Nangate45/Nangate45.lef, created 135 library cells
[INFO ODB-0127] Reading DEF file: physical/rv32i_cts_opt_legal.def
[INFO ODB-0128] Design: top
[INFO ODB-0130]     Created 66 pins.
[INFO ODB-0131]     Created 33309 components and 193877 component-terminals.
[INFO ODB-0133]     Created 41736 nets and 126463 connections.
[INFO ODB-0134] Finished DEF file: physical/rv32i_cts_opt_legal.def
