OpenROAD 26Q3-1193-gec94b92b31 
Features included (+) or not (-): +GPU +GUI +Python
This program is licensed under the BSD-3 license. See the LICENSE file for details.
Components of this program may be licensed under more restrictive licenses which must be honored.
[INFO ODB-0227] LEF file: /home/piyush/OpenROAD/test/Nangate45/Nangate45_tech.lef, created 22 layers, 27 vias
[WARNING ODB-0217] duplicate VIARULE (Via1Array-0) ignoring...
[WARNING ODB-0217] duplicate VIARULE (Via1Array-1) ignoring...
[WARNING ODB-0217] duplicate VIARULE (Via1Array-2) ignoring...
[WARNING ODB-0217] duplicate VIARULE (Via1Array-3) ignoring...
[WARNING ODB-0217] duplicate VIARULE (Via1Array-4) ignoring...
[WARNING ODB-0217] duplicate VIARULE (Via2Array-0) ignoring...
[WARNING ODB-0217] duplicate VIARULE (Via2Array-1) ignoring...
[WARNING ODB-0217] duplicate VIARULE (Via2Array-2) ignoring...
[WARNING ODB-0217] duplicate VIARULE (Via2Array-3) ignoring...
[WARNING ODB-0217] duplicate VIARULE (Via2Array-4) ignoring...
[WARNING ODB-0217] duplicate VIARULE (Via3Array-0) ignoring...
[WARNING ODB-0217] duplicate VIARULE (Via3Array-1) ignoring...
[WARNING ODB-0217] duplicate VIARULE (Via3Array-2) ignoring...
[WARNING ODB-0217] duplicate VIARULE (Via4Array-0) ignoring...
[WARNING ODB-0217] duplicate VIARULE (Via5Array-0) ignoring...
[WARNING ODB-0217] duplicate VIARULE (Via6Array-0) ignoring...
[WARNING ODB-0217] duplicate VIARULE (Via7Array-0) ignoring...
[WARNING ODB-0217] duplicate VIARULE (Via8Array-0) ignoring...
[WARNING ODB-0217] duplicate VIARULE (Via9Array-0) ignoring...
[INFO ODB-0394] Duplicate site FreePDK45_38x28_10R_NP_162NW_34O in Nangate45 already seen in Nangate45_tech
[INFO ODB-0227] LEF file: /home/piyush/OpenROAD/test/Nangate45/Nangate45.lef, created 135 library cells
[INFO ODB-0127] Reading DEF file: physical/rv32i_global_route.def
[INFO ODB-0128] Design: top
[INFO ODB-0130]     Created 66 pins.
[INFO ODB-0131]     Created 33309 components and 193877 component-terminals.
[INFO ODB-0133]     Created 41734 nets and 126463 connections.
[INFO ODB-0134] Finished DEF file: physical/rv32i_global_route.def
[WARNING GRT-0008] The read_guides command does not allow parasitics estimation from the guides file.
[INFO DRT-0149] Reading tech and libs.

Units:                2000
Number of layers:     21
Number of macros:     135
Number of vias:       27
Number of viarulegen: 19

[INFO DRT-0150] Reading design.
[WARNING DRT-0120] Large net instruction[11] has 111 pins which may impact routing performance. Consider optimization.
[WARNING DRT-0120] Large net cpu/dmem/net1018 has 117 pins which may impact routing performance. Consider optimization.
[WARNING DRT-0120] Large net cpu/dmem/net1044 has 126 pins which may impact routing performance. Consider optimization.
[WARNING DRT-0120] Large net cpu/dmem/net1046 has 127 pins which may impact routing performance. Consider optimization.
[WARNING DRT-0120] Large net cpu/dmem/net1066 has 136 pins which may impact routing performance. Consider optimization.
[WARNING DRT-0120] Large net cpu/dmem/net916 has 174 pins which may impact routing performance. Consider optimization.
[WARNING DRT-0120] Large net cpu/dmem/net922 has 174 pins which may impact routing performance. Consider optimization.
[WARNING DRT-0120] Large net cpu/dmem/net923 has 139 pins which may impact routing performance. Consider optimization.
[WARNING DRT-0120] Large net cpu/dmem/net926 has 170 pins which may impact routing performance. Consider optimization.
[WARNING DRT-0120] Large net cpu/dmem/net930 has 180 pins which may impact routing performance. Consider optimization.
[WARNING DRT-0120] Large net cpu/dmem/net936 has 178 pins which may impact routing performance. Consider optimization.
[WARNING DRT-0120] Large net cpu/dmem/net938 has 167 pins which may impact routing performance. Consider optimization.
[WARNING DRT-0120] Large net cpu/dmem/net950 has 181 pins which may impact routing performance. Consider optimization.
[WARNING DRT-0120] Large net cpu/dmem/net952 has 187 pins which may impact routing performance. Consider optimization.
[WARNING DRT-0120] Large net cpu/dmem/net953 has 180 pins which may impact routing performance. Consider optimization.
[WARNING DRT-0120] Large net cpu/dmem/net956 has 174 pins which may impact routing performance. Consider optimization.
[WARNING DRT-0120] Large net cpu/dmem/net957 has 182 pins which may impact routing performance. Consider optimization.
[WARNING DRT-0120] Large net cpu/dmem/net962 has 177 pins which may impact routing performance. Consider optimization.
[WARNING DRT-0120] Large net cpu/dmem/net963 has 348 pins which may impact routing performance. Consider optimization.
[WARNING DRT-0120] Large net cpu/dmem/net966 has 179 pins which may impact routing performance. Consider optimization.
[WARNING DRT-0120] Large net cpu/dmem/net967 has 182 pins which may impact routing performance. Consider optimization.
[WARNING DRT-0120] Large net cpu/dmem/net968 has 185 pins which may impact routing performance. Consider optimization.
[WARNING DRT-0120] Large net cpu/dmem/net969 has 171 pins which may impact routing performance. Consider optimization.
[WARNING DRT-0120] Large net cpu/dmem/net971 has 174 pins which may impact routing performance. Consider optimization.
[WARNING DRT-0120] Large net cpu/dmem/net972 has 181 pins which may impact routing performance. Consider optimization.
[WARNING DRT-0120] Large net cpu/dmem/net973 has 177 pins which may impact routing performance. Consider optimization.
[WARNING DRT-0120] Large net cpu/dmem/net974 has 191 pins which may impact routing performance. Consider optimization.
[WARNING DRT-0120] Large net cpu/dmem/net975 has 179 pins which may impact routing performance. Consider optimization.
[WARNING DRT-0120] Large net cpu/dmem/net994 has 119 pins which may impact routing performance. Consider optimization.
[WARNING DRT-0120] Large net cpu/registers/net622 has 167 pins which may impact routing performance. Consider optimization.
[WARNING DRT-0120] Large net net4 has 182 pins which may impact routing performance. Consider optimization.
[WARNING DRT-0120] Large net net5 has 199 pins which may impact routing performance. Consider optimization.
[WARNING DRT-0120] Large net net6 has 205 pins which may impact routing performance. Consider optimization.
[WARNING DRT-0120] Large net net7 has 192 pins which may impact routing performance. Consider optimization.

Design:                   top
Die area:                 ( 0 0 ) ( 766610 766610 )
Number of track patterns: 24
Number of DEF vias:       0
Number of components:     33309
Number of terminals:      66
Number of snets:          0
Number of nets:           41734

[INFO DRT-0167] List of default vias:
  Layer via2
    default via: via2_5
  Layer via3
    default via: via3_2
  Layer via4
    default via: via4_0
  Layer via5
    default via: via5_0
  Layer via6
    default via: via6_0
  Layer via7
    default via: via7_0
  Layer via8
    default via: via8_0
  Layer via9
    default via: via9_0
[INFO DRT-0162] Library cell analysis.
[INFO DRT-0163] Instance analysis.
[INFO DRT-0164] Number of unique instances = 1492.
[INFO DRT-0168] Init region query.
[INFO DRT-0024]   Complete active.
[INFO DRT-0024]   Complete Fr_VIA.
[INFO DRT-0024]   Complete metal1.
[INFO DRT-0024]   Complete via1.
[INFO DRT-0024]   Complete metal2.
[INFO DRT-0024]   Complete via2.
[INFO DRT-0024]   Complete metal3.
[INFO DRT-0024]   Complete via3.
[INFO DRT-0024]   Complete metal4.
[INFO DRT-0024]   Complete via4.
[INFO DRT-0024]   Complete metal5.
[INFO DRT-0024]   Complete via5.
[INFO DRT-0024]   Complete metal6.
[INFO DRT-0024]   Complete via6.
[INFO DRT-0024]   Complete metal7.
[INFO DRT-0024]   Complete via7.
[INFO DRT-0024]   Complete metal8.
[INFO DRT-0024]   Complete via8.
[INFO DRT-0024]   Complete metal9.
[INFO DRT-0024]   Complete via9.
[INFO DRT-0024]   Complete metal10.
[INFO DRT-0033] active shape region query size = 0.
[INFO DRT-0033] FR_VIA shape region query size = 0.
[INFO DRT-0033] metal1 shape region query size = 905206.
[INFO DRT-0033] via1 shape region query size = 0.
[INFO DRT-0033] metal2 shape region query size = 66.
[INFO DRT-0033] via2 shape region query size = 0.
[INFO DRT-0033] metal3 shape region query size = 0.
[INFO DRT-0033] via3 shape region query size = 0.
[INFO DRT-0033] metal4 shape region query size = 0.
[INFO DRT-0033] via4 shape region query size = 0.
[INFO DRT-0033] metal5 shape region query size = 0.
[INFO DRT-0033] via5 shape region query size = 0.
[INFO DRT-0033] metal6 shape region query size = 0.
[INFO DRT-0033] via6 shape region query size = 0.
[INFO DRT-0033] metal7 shape region query size = 0.
[INFO DRT-0033] via7 shape region query size = 0.
[INFO DRT-0033] metal8 shape region query size = 0.
[INFO DRT-0033] via8 shape region query size = 0.
[INFO DRT-0033] metal9 shape region query size = 0.
[INFO DRT-0033] via9 shape region query size = 0.
[INFO DRT-0033] metal10 shape region query size = 0.
[INFO DRT-0165] Start pin access.
[INFO DRT-0076]   Complete 1000 pins.
[INFO DRT-0076]   Complete 2000 pins.
[INFO DRT-0076]   Complete 3000 pins.
[INFO DRT-0076]   Complete 4000 pins.
[INFO DRT-0076]   Complete 5000 pins.
[INFO DRT-0076]   Complete 6000 pins.
[INFO DRT-0076]   Complete 7000 pins.
[INFO DRT-0076]   Complete 8000 pins.
[INFO DRT-0078]   Complete 8182 pins.
[INFO DRT-0079]   Complete 100 unique inst patterns.
[INFO DRT-0079]   Complete 200 unique inst patterns.
[INFO DRT-0079]   Complete 300 unique inst patterns.
[INFO DRT-0079]   Complete 400 unique inst patterns.
[INFO DRT-0079]   Complete 500 unique inst patterns.
[INFO DRT-0079]   Complete 600 unique inst patterns.
[INFO DRT-0079]   Complete 700 unique inst patterns.
[INFO DRT-0079]   Complete 800 unique inst patterns.
[INFO DRT-0079]   Complete 900 unique inst patterns.
[INFO DRT-0079]   Complete 1000 unique inst patterns.
[INFO DRT-0081]   Complete 1492 unique inst patterns.
[INFO DRT-0082]   Complete 10000 groups.
[INFO DRT-0082]   Complete 20000 groups.
[INFO DRT-0084]   Complete 23918 groups.
#scanned instances     = 33309
#unique  instances     = 1492
#stdCellGenAp          = 47553
#stdCellValidPlanarAp  = 0
#stdCellValidViaAp     = 35005
#stdCellPinNoAp        = 0
#stdCellPinCnt         = 126463
#instTermValidViaApCnt = 0
#macroGenAp            = 0
#macroValidPlanarAp    = 0
#macroValidViaAp       = 0
#macroNoAp             = 0
[INFO DRT-0166] Complete pin access.
[INFO DRT-0267] cpu time = 00:22:15, elapsed time = 00:23:10, memory = 526.24 (MB), peak = 540.21 (MB)
[INFO DRT-0156] guideIn read 100000 guides.
[INFO DRT-0156] guideIn read 200000 guides.
[INFO DRT-0156] guideIn read 300000 guides.

[INFO DRT-0157] Number of guides:     302759

[INFO DRT-0169] Post process guides.
[INFO DRT-0176] GCELLGRID X 0 DO 182 STEP 4200 ;
[INFO DRT-0177] GCELLGRID Y 0 DO 182 STEP 4200 ;
[INFO DRT-0026]   Complete 100000 origin guides.
[INFO DRT-0026]   Complete 200000 origin guides.
[INFO DRT-0026]   Complete 300000 origin guides.
[INFO DRT-0028]   Complete active.
[INFO DRT-0028]   Complete Fr_VIA.
[INFO DRT-0028]   Complete metal1.
[INFO DRT-0028]   Complete via1.
[INFO DRT-0028]   Complete metal2.
[INFO DRT-0028]   Complete via2.
[INFO DRT-0028]   Complete metal3.
[INFO DRT-0028]   Complete via3.
[INFO DRT-0028]   Complete metal4.
[INFO DRT-0028]   Complete via4.
[INFO DRT-0028]   Complete metal5.
[INFO DRT-0028]   Complete via5.
[INFO DRT-0028]   Complete metal6.
[INFO DRT-0028]   Complete via6.
[INFO DRT-0028]   Complete metal7.
[INFO DRT-0028]   Complete via7.
[INFO DRT-0028]   Complete metal8.
[INFO DRT-0028]   Complete via8.
[INFO DRT-0028]   Complete metal9.
[INFO DRT-0028]   Complete via9.
[INFO DRT-0028]   Complete metal10.
[INFO DRT-0178] Init guide query.
[INFO DRT-0035]   Complete active (guide).
[INFO DRT-0035]   Complete Fr_VIA (guide).
[INFO DRT-0035]   Complete metal1 (guide).
[INFO DRT-0035]   Complete via1 (guide).
[INFO DRT-0035]   Complete metal2 (guide).
[INFO DRT-0035]   Complete via2 (guide).
[INFO DRT-0035]   Complete metal3 (guide).
[INFO DRT-0035]   Complete via3 (guide).
[INFO DRT-0035]   Complete metal4 (guide).
[INFO DRT-0035]   Complete via4 (guide).
[INFO DRT-0035]   Complete metal5 (guide).
[INFO DRT-0035]   Complete via5 (guide).
[INFO DRT-0035]   Complete metal6 (guide).
[INFO DRT-0035]   Complete via6 (guide).
[INFO DRT-0035]   Complete metal7 (guide).
[INFO DRT-0035]   Complete via7 (guide).
[INFO DRT-0035]   Complete metal8 (guide).
[INFO DRT-0035]   Complete via8 (guide).
[INFO DRT-0035]   Complete metal9 (guide).
[INFO DRT-0035]   Complete via9 (guide).
[INFO DRT-0035]   Complete metal10 (guide).
[INFO DRT-0036] active guide region query size = 0.
[INFO DRT-0036] FR_VIA guide region query size = 0.
[INFO DRT-0036] metal1 guide region query size = 107681.
[INFO DRT-0036] via1 guide region query size = 0.
[INFO DRT-0036] metal2 guide region query size = 100451.
[INFO DRT-0036] via2 guide region query size = 0.
[INFO DRT-0036] metal3 guide region query size = 47143.
[INFO DRT-0036] via3 guide region query size = 0.
[INFO DRT-0036] metal4 guide region query size = 68.
[INFO DRT-0036] via4 guide region query size = 0.
[INFO DRT-0036] metal5 guide region query size = 15.
[INFO DRT-0036] via5 guide region query size = 0.
[INFO DRT-0036] metal6 guide region query size = 0.
[INFO DRT-0036] via6 guide region query size = 0.
[INFO DRT-0036] metal7 guide region query size = 0.
[INFO DRT-0036] via7 guide region query size = 0.
[INFO DRT-0036] metal8 guide region query size = 0.
[INFO DRT-0036] via8 guide region query size = 0.
[INFO DRT-0036] metal9 guide region query size = 0.
[INFO DRT-0036] via9 guide region query size = 0.
[INFO DRT-0036] metal10 guide region query size = 0.
[INFO DRT-0179] Init gr pin query.
[INFO DRT-0267] cpu time = 00:00:05, elapsed time = 00:00:05, memory = 634.78 (MB), peak = 634.57 (MB)
[INFO DRT-0245] skipped writing guide updates to database.
[INFO DRT-0181] Start track assignment.
[INFO DRT-0184] Done with 100519 vertical wires in 4 frboxes and 154839 horizontal wires in 4 frboxes.
[INFO DRT-0186] Done with 38313 vertical wires in 4 frboxes and 28151 horizontal wires in 4 frboxes.
[INFO DRT-0182] Complete track assignment.
[INFO DRT-0267] cpu time = 00:00:55, elapsed time = 00:00:57, memory = 1127.75 (MB), peak = 1127.45 (MB)
[INFO DRT-0187] Start routing data preparation.
[INFO DRT-0267] cpu time = 00:00:00, elapsed time = 00:00:00, memory = 1127.75 (MB), peak = 1127.45 (MB)
[INFO DRT-0194] Start detail routing.
[INFO DRT-0195] Start 0th optimization iteration.
    Completing 10% with 0 violations.
    elapsed time = 00:02:40, memory = 1128.11 (MB).
    Completing 20% with 0 violations.
    elapsed time = 00:07:37, memory = 1311.41 (MB).
    Completing 30% with 5802 violations.
    elapsed time = 00:10:43, memory = 1491.34 (MB).
    Completing 40% with 5802 violations.
    elapsed time = 00:15:00, memory = 1491.34 (MB).
    Completing 50% with 5802 violations.
    elapsed time = 00:19:32, memory = 1566.30 (MB).
    Completing 60% with 11219 violations.
    elapsed time = 00:22:19, memory = 1576.44 (MB).
    Completing 70% with 11219 violations.
    elapsed time = 00:26:19, memory = 1587.73 (MB).
    Completing 80% with 15512 violations.
    elapsed time = 00:29:28, memory = 1609.73 (MB).
    Completing 90% with 15512 violations.
    elapsed time = 00:33:14, memory = 1623.21 (MB).
    Completing 100% with 19764 violations.
    elapsed time = 29:52:57, memory = 1687.50 (MB).
[INFO DRT-0199]   Number of violations = 22344.
Viol/Layer      metal1   via1 metal2   via2 metal3   via3 metal4 metal5
Cut Spacing          0     11      0     86      0      1      0      0
Metal Spacing       57      0   2803      0    148      0      7      0
NS Metal             0      0      6      0      0      0      0      0
Recheck             25      0   1758      0    790      0      6      1
Short                0      8  14884     13   1739      1      0      0
[INFO DRT-0267] cpu time = 00:36:03, elapsed time = 29:53:04, memory = 1687.87 (MB), peak = 1687.54 (MB)
Total wire length = 541377 um.
Total wire length on LAYER metal1 = 0 um.
Total wire length on LAYER metal2 = 285826 um.
Total wire length on LAYER metal3 = 244845 um.
Total wire length on LAYER metal4 = 10003 um.
Total wire length on LAYER metal5 = 700 um.
Total wire length on LAYER metal6 = 2 um.
Total wire length on LAYER metal7 = 0 um.
Total wire length on LAYER metal8 = 0 um.
Total wire length on LAYER metal9 = 0 um.
Total wire length on LAYER metal10 = 0 um.
Total number of vias = 258958.
Up-via summary (total 258958):

-----------------
 active         0
 metal1    117895
 metal2    137497
 metal3      3509
 metal4        55
 metal5         2
 metal6         0
 metal7         0
 metal8         0
 metal9         0
-----------------
       258958


[INFO DRT-0195] Start 1st optimization iteration.
    Completing 10% with 22344 violations.
    elapsed time = 00:02:04, memory = 1687.87 (MB).
    Completing 20% with 22344 violations.
    elapsed time = 00:05:37, memory = 1687.87 (MB).
    Completing 30% with 18832 violations.
    elapsed time = 00:07:57, memory = 1702.34 (MB).
    Completing 40% with 18832 violations.
    elapsed time = 00:10:37, memory = 1702.34 (MB).
    Completing 50% with 18832 violations.
    elapsed time = 00:15:21, memory = 1702.56 (MB).
    Completing 60% with 14093 violations.
    elapsed time = 00:17:13, memory = 1702.57 (MB).
    Completing 70% with 14093 violations.
    elapsed time = 00:20:31, memory = 1702.57 (MB).
    Completing 80% with 11247 violations.
    elapsed time = 00:23:12, memory = 1703.46 (MB).
    Completing 90% with 11247 violations.
    elapsed time = 00:26:14, memory = 1703.46 (MB).
    Completing 100% with 7114 violations.
    elapsed time = 00:29:43, memory = 1703.46 (MB).
[INFO DRT-0199]   Number of violations = 7118.
Viol/Layer      metal1   via1 metal2   via2 metal3
Cut Spacing          0      9      0     21      0
Metal Spacing       50      0   1552      0     57
NS Metal             0      0      1      0      0
Recheck              0      0      4      0      0
Short                0      0   4770      0    654
[INFO DRT-0267] cpu time = 00:28:47, elapsed time = 00:29:48, memory = 1703.46 (MB), peak = 1703.29 (MB)
Total wire length = 537278 um.
Total wire length on LAYER metal1 = 0 um.
Total wire length on LAYER metal2 = 281381 um.
Total wire length on LAYER metal3 = 243426 um.
Total wire length on LAYER metal4 = 11768 um.
Total wire length on LAYER metal5 = 700 um.
Total wire length on LAYER metal6 = 1 um.
Total wire length on LAYER metal7 = 0 um.
Total wire length on LAYER metal8 = 0 um.
Total wire length on LAYER metal9 = 0 um.
Total wire length on LAYER metal10 = 0 um.
Total number of vias = 256337.
Up-via summary (total 256337):

-----------------
 active         0
 metal1    117938
 metal2    134769
 metal3      3560
 metal4        68
 metal5         2
 metal6         0
 metal7         0
 metal8         0
 metal9         0
-----------------
       256337


[INFO DRT-0195] Start 2nd optimization iteration.
    Completing 10% with 7118 violations.
    elapsed time = 00:01:27, memory = 1703.46 (MB).
    Completing 20% with 7118 violations.
    elapsed time = 00:04:19, memory = 1703.46 (MB).
    Completing 30% with 6901 violations.
    elapsed time = 00:06:14, memory = 1703.46 (MB).
    Completing 40% with 6901 violations.
    elapsed time = 00:08:45, memory = 1703.46 (MB).
    Completing 50% with 6901 violations.
    elapsed time = 00:12:29, memory = 1703.46 (MB).
    Completing 60% with 6730 violations.
    elapsed time = 00:13:53, memory = 1703.46 (MB).
    Completing 70% with 6730 violations.
    elapsed time = 00:17:07, memory = 1703.46 (MB).
    Completing 80% with 6576 violations.
    elapsed time = 00:19:05, memory = 1703.84 (MB).
    Completing 90% with 6576 violations.
    elapsed time = 00:21:26, memory = 1703.84 (MB).
    Completing 100% with 6151 violations.
    elapsed time = 00:24:44, memory = 1704.44 (MB).
[INFO DRT-0199]   Number of violations = 6151.
Viol/Layer      metal1   via1 metal2   via2 metal3
Cut Spacing          0      4      0     22      0
Metal Spacing       57      0   1386      0     55
NS Metal             0      0      1      0      0
Short                0      0   3995      0    631
[INFO DRT-0267] cpu time = 00:23:52, elapsed time = 00:24:48, memory = 1704.44 (MB), peak = 1704.29 (MB)
Total wire length = 536151 um.
Total wire length on LAYER metal1 = 0 um.
Total wire length on LAYER metal2 = 280450 um.
Total wire length on LAYER metal3 = 242959 um.
Total wire length on LAYER metal4 = 12071 um.
Total wire length on LAYER metal5 = 668 um.
Total wire length on LAYER metal6 = 0 um.
Total wire length on LAYER metal7 = 0 um.
Total wire length on LAYER metal8 = 0 um.
Total wire length on LAYER metal9 = 0 um.
Total wire length on LAYER metal10 = 0 um.
Total number of vias = 255057.
Up-via summary (total 255057):

-----------------
 active         0
 metal1    117927
 metal2    133701
 metal3      3373
 metal4        56
 metal5         0
 metal6         0
 metal7         0
 metal8         0
 metal9         0
-----------------
       255057


[INFO DRT-0195] Start 3rd optimization iteration.
    Completing 10% with 6151 violations.
    elapsed time = 00:00:40, memory = 1704.44 (MB).
    Completing 20% with 6151 violations.
    elapsed time = 00:02:13, memory = 1704.44 (MB).
    Completing 30% with 4580 violations.
    elapsed time = 00:03:20, memory = 1704.44 (MB).
    Completing 40% with 4580 violations.
    elapsed time = 00:04:18, memory = 1704.44 (MB).
    Completing 50% with 4580 violations.
    elapsed time = 00:05:44, memory = 1704.60 (MB).
    Completing 60% with 2919 violations.
    elapsed time = 00:06:44, memory = 1704.60 (MB).
    Completing 70% with 2919 violations.
    elapsed time = 00:08:34, memory = 1704.60 (MB).
    Completing 80% with 1584 violations.
    elapsed time = 00:09:28, memory = 1704.60 (MB).
    Completing 90% with 1584 violations.
    elapsed time = 00:10:30, memory = 1704.60 (MB).
    Completing 100% with 304 violations.
    elapsed time = 00:12:08, memory = 1704.60 (MB).
[INFO DRT-0199]   Number of violations = 304.
Viol/Layer        via1 metal2   via2 metal3 metal4   via4
Cut Spacing          2      0      5      0      0      1
Metal Spacing        0    102      0      6      2      0
Short                0    143      3     37      3      0
[INFO DRT-0267] cpu time = 00:11:42, elapsed time = 00:12:11, memory = 1704.60 (MB), peak = 1704.41 (MB)
Total wire length = 535463 um.
Total wire length on LAYER metal1 = 0 um.
Total wire length on LAYER metal2 = 270284 um.
Total wire length on LAYER metal3 = 242639 um.
Total wire length on LAYER metal4 = 21444 um.
Total wire length on LAYER metal5 = 1091 um.
Total wire length on LAYER metal6 = 2 um.
Total wire length on LAYER metal7 = 0 um.
Total wire length on LAYER metal8 = 0 um.
Total wire length on LAYER metal9 = 0 um.
Total wire length on LAYER metal10 = 0 um.
Total number of vias = 258903.
Up-via summary (total 258903):

-----------------
 active         0
 metal1    117933
 metal2    134557
 metal3      6228
 metal4       183
 metal5         2
 metal6         0
 metal7         0
 metal8         0
 metal9         0
-----------------
       258903


[INFO DRT-0195] Start 4th optimization iteration.
    Completing 10% with 304 violations.
    elapsed time = 00:00:01, memory = 1704.60 (MB).
    Completing 20% with 304 violations.
    elapsed time = 00:00:08, memory = 1704.60 (MB).
    Completing 30% with 264 violations.
    elapsed time = 00:00:12, memory = 1704.60 (MB).
    Completing 40% with 264 violations.
    elapsed time = 00:00:19, memory = 1704.60 (MB).
    Completing 50% with 264 violations.
    elapsed time = 00:00:34, memory = 1704.60 (MB).
    Completing 60% with 155 violations.
    elapsed time = 00:00:36, memory = 1704.60 (MB).
    Completing 70% with 155 violations.
    elapsed time = 00:00:40, memory = 1704.60 (MB).
    Completing 80% with 106 violations.
    elapsed time = 00:00:44, memory = 1704.60 (MB).
    Completing 90% with 106 violations.
    elapsed time = 00:00:46, memory = 1704.60 (MB).
    Completing 100% with 0 violations.
    elapsed time = 00:01:00, memory = 1704.60 (MB).
[INFO DRT-0199]   Number of violations = 0.
[INFO DRT-0267] cpu time = 00:00:59, elapsed time = 00:01:01, memory = 1704.60 (MB), peak = 1704.41 (MB)
Total wire length = 535410 um.
Total wire length on LAYER metal1 = 0 um.
Total wire length on LAYER metal2 = 270006 um.
Total wire length on LAYER metal3 = 242636 um.
Total wire length on LAYER metal4 = 21670 um.
Total wire length on LAYER metal5 = 1093 um.
Total wire length on LAYER metal6 = 2 um.
Total wire length on LAYER metal7 = 0 um.
Total wire length on LAYER metal8 = 0 um.
Total wire length on LAYER metal9 = 0 um.
Total wire length on LAYER metal10 = 0 um.
Total number of vias = 258892.
Up-via summary (total 258892):

-----------------
 active         0
 metal1    117936
 metal2    134507
 metal3      6270
 metal4       177
 metal5         2
 metal6         0
 metal7         0
 metal8         0
 metal9         0
-----------------
       258892


[INFO DRT-0198] Complete detail routing.
Total wire length = 535410 um.
Total wire length on LAYER metal1 = 0 um.
Total wire length on LAYER metal2 = 270006 um.
Total wire length on LAYER metal3 = 242636 um.
Total wire length on LAYER metal4 = 21670 um.
Total wire length on LAYER metal5 = 1093 um.
Total wire length on LAYER metal6 = 2 um.
Total wire length on LAYER metal7 = 0 um.
Total wire length on LAYER metal8 = 0 um.
Total wire length on LAYER metal9 = 0 um.
Total wire length on LAYER metal10 = 0 um.
Total number of vias = 258892.
Up-via summary (total 258892):

-----------------
 active         0
 metal1    117936
 metal2    134507
 metal3      6270
 metal4       177
 metal5         2
 metal6         0
 metal7         0
 metal8         0
 metal9         0
-----------------
       258892


[INFO DRT-0267] cpu time = 01:41:25, elapsed time = 31:00:55, memory = 1704.72 (MB), peak = 1704.56 (MB)
[INFO DRT-0180] Post processing.
[INFO DRT-0501] Runtime: 7807.52s
