OpenSTA 3.1.0 60b59a15bd Copyright (c) 2026, Parallax Software, Inc.
License GPLv3: GNU GPL version 3 <http://gnu.org/licenses/gpl.html>

This is free software, and you are free to change and redistribute it
under certain conditions; type `show_copying' for details. 
This program comes with ABSOLUTELY NO WARRANTY; for details type `show_warranty'.
Startpoint: cpu/pc_unit/_099_ (rising edge-triggered flip-flop clocked by clk)
Endpoint: cpu/dmem/_41644_ (rising edge-triggered flip-flop clocked by clk)
Path Group: clk
Path Type: max

  Delay    Time   Description
---------------------------------------------------------
   0.00    0.00   clock clk (rise edge)
   0.00    0.00   clock network delay (ideal)
   0.00    0.00 ^ cpu/pc_unit/_099_/CK (DFFR_X1)
   0.12    0.12 v cpu/pc_unit/_099_/Q (DFFR_X1)
   0.05    0.16 v cpu/imem/_058_/ZN (AND2_X1)
   0.04    0.20 ^ cpu/imem/_081_/ZN (OAI21_X1)
   0.02    0.22 v cpu/imem/_099_/ZN (AOI21_X1)
   0.19    0.41 ^ cpu/imem/_100_/ZN (AOI211_X1)
   0.03    0.44 v cpu/registers/_4719_/ZN (INV_X1)
   0.62    1.06 ^ cpu/registers/_6549_/ZN (NOR4_X1)
   0.25    1.31 v cpu/registers/_6550_/ZN (NAND2_X1)
   0.10    1.41 ^ cpu/registers/_6607_/ZN (OAI221_X1)
   0.02    1.42 v cpu/registers/_6611_/ZN (NOR4_X1)
   0.02    1.45 ^ cpu/registers/_6622_/ZN (NAND3_X1)
   0.05    1.50 ^ cpu/_324_/Z (MUX2_X1)
   0.09    1.58 ^ cpu/alu_unit/_0711_/Z (XOR2_X1)
   0.01    1.60 v cpu/alu_unit/_0714_/ZN (NOR2_X1)
   0.02    1.61 ^ cpu/alu_unit/_0715_/ZN (INV_X1)
   0.03    1.64 v cpu/alu_unit/_0719_/ZN (OAI21_X1)
   0.04    1.69 v cpu/alu_unit/_0790_/ZN (XNOR2_X1)
  39.93   41.61 ^ cpu/alu_unit/_0797_/ZN (OAI21_X1)
   4.20   45.81 ^ cpu/dmem/_24963_/ZN (AND3_X1)
   0.27   46.08 v cpu/dmem/_24965_/ZN (NAND2_X1)
   0.50   46.58 ^ cpu/dmem/_24969_/ZN (NOR2_X1)
   0.06   46.64 v cpu/dmem/_24970_/Z (MUX2_X1)
   0.00   46.64 v cpu/dmem/_41644_/D (DFF_X1)
          46.64   data arrival time

  20.00   20.00   clock clk (rise edge)
   0.00   20.00   clock network delay (ideal)
  -0.10   19.90   clock uncertainty
   0.00   19.90   clock reconvergence pessimism
          19.90 ^ cpu/dmem/_41644_/CK (DFF_X1)
  -0.04   19.86   library setup time
          19.86   data required time
---------------------------------------------------------
          19.86   data required time
         -46.64   data arrival time
---------------------------------------------------------
         -26.78   slack (VIOLATED)


Startpoint: cpu/dmem/_42412_ (rising edge-triggered flip-flop clocked by clk)
Endpoint: cpu/dmem/_42412_ (rising edge-triggered flip-flop clocked by clk)
Path Group: clk
Path Type: min

  Delay    Time   Description
---------------------------------------------------------
   0.00    0.00   clock clk (rise edge)
   0.00    0.00   clock network delay (ideal)
   0.00    0.00 ^ cpu/dmem/_42412_/CK (DFF_X1)
   0.09    0.09 ^ cpu/dmem/_42412_/Q (DFF_X1)
   0.03    0.12 ^ cpu/dmem/_25791_/Z (MUX2_X1)
   0.00    0.12 ^ cpu/dmem/_42412_/D (DFF_X1)
           0.12   data arrival time

   0.00    0.00   clock clk (rise edge)
   0.00    0.00   clock network delay (ideal)
   0.10    0.10   clock uncertainty
   0.00    0.10   clock reconvergence pessimism
           0.10 ^ cpu/dmem/_42412_/CK (DFF_X1)
   0.01    0.11   library hold time
           0.11   data required time
---------------------------------------------------------
           0.11   data required time
          -0.12   data arrival time
---------------------------------------------------------
           0.01   slack (MET)


Clock clk
   0.00 source latency cpu/dmem/_41612_/CK ^
   0.00 target latency cpu/dmem/_41612_/CK ^
   0.10 clock uncertainty
   0.00 CRPR
--------------
   0.10 setup skew

worst slack max -26.78
worst slack min 0.01
tns max -214162.08
